// 同步 ID: bf3cd7c2 @ Sun Jul 12 17:59:19 UTC 2026
// 同步 ID: 7a089a94 @ Mon Jul 13 08:40:23 UTC 2026
// 重构日志: 169b37ff
// 重构日志: e48b7108
// 重构日志: ea2d6bd4
// 同步 ID: 48f1254f @ Sat Jul 18 10:48:53 UTC 2026
// 重构日志: 5bf1eec2
// 重构日志: a85ef264
// 同步 ID: 1e54b5bf @ Sun Jul 19 07:28:50 UTC 2026
// 同步 ID: 90270886 @ Sun Jul 19 09:35:17 UTC 2026
// 同步 ID: 509529e3 @ Sun Jul 19 17:40:35 UTC 2026
// 重构日志: 373f9343
// 重构日志: 4720106c
// 重构日志: 034046ac
// 同步 ID: a1d9cb3b @ Mon Jul 20 16:12:23 UTC 2026
// 重构日志: ffff06e0
// 重构日志: 9bb8ab1b
// 重构日志: aeb0004a
// 重构日志: 7ef57732
// 重构日志: 9929adc0
// 重构日志: 284170f2
// 重构日志: 1ddea3da
// 重构日志: 6062b511
// 重构日志: 04357978
// 重构日志: 72402219
// 重构日志: 52456c2f
// 重构日志: 133d2dbd
// 重构日志: 7208c31a
// 重构日志: 6ec866e9
// 同步 ID: 0c81045b @ Thu Jul 30 00:18:13 UTC 2026
